Archive member included to satisfy reference by file (symbol)

d:/embedded/iti embedded systems (icc)/01- embedded systems avr tools/imt_sdk_win_64/winarm/armgcc/bin/../lib/gcc/arm-none-eabi/7.2.1/thumb/v7e-m\libgcc.a(_aeabi_uldivmod.o)
                              ./system/src/stm32f4-hal/stm32f4xx_hal_rcc.o (__aeabi_uldivmod)
d:/embedded/iti embedded systems (icc)/01- embedded systems avr tools/imt_sdk_win_64/winarm/armgcc/bin/../lib/gcc/arm-none-eabi/7.2.1/thumb/v7e-m\libgcc.a(_udivmoddi4.o)
                              d:/embedded/iti embedded systems (icc)/01- embedded systems avr tools/imt_sdk_win_64/winarm/armgcc/bin/../lib/gcc/arm-none-eabi/7.2.1/thumb/v7e-m\libgcc.a(_aeabi_uldivmod.o) (__udivmoddi4)
d:/embedded/iti embedded systems (icc)/01- embedded systems avr tools/imt_sdk_win_64/winarm/armgcc/bin/../lib/gcc/arm-none-eabi/7.2.1/thumb/v7e-m\libgcc.a(_dvmd_tls.o)
                              d:/embedded/iti embedded systems (icc)/01- embedded systems avr tools/imt_sdk_win_64/winarm/armgcc/bin/../lib/gcc/arm-none-eabi/7.2.1/thumb/v7e-m\libgcc.a(_aeabi_uldivmod.o) (__aeabi_ldiv0)
d:/embedded/iti embedded systems (icc)/01- embedded systems avr tools/imt_sdk_win_64/winarm/armgcc/bin/../lib/gcc/arm-none-eabi/7.2.1/../../../../arm-none-eabi/lib/thumb/v7e-m\libg_nano.a(lib_a-errno.o)
                              ./system/src/newlib/sbrk.o (__errno)
d:/embedded/iti embedded systems (icc)/01- embedded systems avr tools/imt_sdk_win_64/winarm/armgcc/bin/../lib/gcc/arm-none-eabi/7.2.1/../../../../arm-none-eabi/lib/thumb/v7e-m\libg_nano.a(lib_a-impure.o)
                              d:/embedded/iti embedded systems (icc)/01- embedded systems avr tools/imt_sdk_win_64/winarm/armgcc/bin/../lib/gcc/arm-none-eabi/7.2.1/../../../../arm-none-eabi/lib/thumb/v7e-m\libg_nano.a(lib_a-errno.o) (_impure_ptr)
d:/embedded/iti embedded systems (icc)/01- embedded systems avr tools/imt_sdk_win_64/winarm/armgcc/bin/../lib/gcc/arm-none-eabi/7.2.1/../../../../arm-none-eabi/lib/thumb/v7e-m\libg_nano.a(lib_a-strlen.o)
                              ./system/src/diag/trace.o (strlen)
d:/embedded/iti embedded systems (icc)/01- embedded systems avr tools/imt_sdk_win_64/winarm/armgcc/bin/../lib/gcc/arm-none-eabi/7.2.1/../../../../arm-none-eabi/lib/thumb/v7e-m\libg_nano.a(lib_a-vsnprintf.o)
                              ./system/src/diag/trace.o (vsnprintf)
d:/embedded/iti embedded systems (icc)/01- embedded systems avr tools/imt_sdk_win_64/winarm/armgcc/bin/../lib/gcc/arm-none-eabi/7.2.1/../../../../arm-none-eabi/lib/thumb/v7e-m\libg_nano.a(lib_a-nano-svfprintf.o)
                              d:/embedded/iti embedded systems (icc)/01- embedded systems avr tools/imt_sdk_win_64/winarm/armgcc/bin/../lib/gcc/arm-none-eabi/7.2.1/../../../../arm-none-eabi/lib/thumb/v7e-m\libg_nano.a(lib_a-vsnprintf.o) (_svfprintf_r)
d:/embedded/iti embedded systems (icc)/01- embedded systems avr tools/imt_sdk_win_64/winarm/armgcc/bin/../lib/gcc/arm-none-eabi/7.2.1/../../../../arm-none-eabi/lib/thumb/v7e-m\libg_nano.a(lib_a-nano-vfprintf_i.o)
                              d:/embedded/iti embedded systems (icc)/01- embedded systems avr tools/imt_sdk_win_64/winarm/armgcc/bin/../lib/gcc/arm-none-eabi/7.2.1/../../../../arm-none-eabi/lib/thumb/v7e-m\libg_nano.a(lib_a-nano-svfprintf.o) (_printf_i)
d:/embedded/iti embedded systems (icc)/01- embedded systems avr tools/imt_sdk_win_64/winarm/armgcc/bin/../lib/gcc/arm-none-eabi/7.2.1/../../../../arm-none-eabi/lib/thumb/v7e-m\libg_nano.a(lib_a-memchr.o)
                              d:/embedded/iti embedded systems (icc)/01- embedded systems avr tools/imt_sdk_win_64/winarm/armgcc/bin/../lib/gcc/arm-none-eabi/7.2.1/../../../../arm-none-eabi/lib/thumb/v7e-m\libg_nano.a(lib_a-nano-svfprintf.o) (memchr)
d:/embedded/iti embedded systems (icc)/01- embedded systems avr tools/imt_sdk_win_64/winarm/armgcc/bin/../lib/gcc/arm-none-eabi/7.2.1/../../../../arm-none-eabi/lib/thumb/v7e-m\libg_nano.a(lib_a-memcpy-stub.o)
                              d:/embedded/iti embedded systems (icc)/01- embedded systems avr tools/imt_sdk_win_64/winarm/armgcc/bin/../lib/gcc/arm-none-eabi/7.2.1/../../../../arm-none-eabi/lib/thumb/v7e-m\libg_nano.a(lib_a-nano-svfprintf.o) (memcpy)
d:/embedded/iti embedded systems (icc)/01- embedded systems avr tools/imt_sdk_win_64/winarm/armgcc/bin/../lib/gcc/arm-none-eabi/7.2.1/../../../../arm-none-eabi/lib/thumb/v7e-m\libg_nano.a(lib_a-memmove.o)
                              d:/embedded/iti embedded systems (icc)/01- embedded systems avr tools/imt_sdk_win_64/winarm/armgcc/bin/../lib/gcc/arm-none-eabi/7.2.1/../../../../arm-none-eabi/lib/thumb/v7e-m\libg_nano.a(lib_a-nano-svfprintf.o) (memmove)
d:/embedded/iti embedded systems (icc)/01- embedded systems avr tools/imt_sdk_win_64/winarm/armgcc/bin/../lib/gcc/arm-none-eabi/7.2.1/../../../../arm-none-eabi/lib/thumb/v7e-m\libg_nano.a(lib_a-nano-freer.o)
[...]
Memory Configuration

Name             Origin             Length             Attributes
RAM              0x20000000         0x00010000         xrw
CCMRAM           0x10000000         0x00000000         xrw
FLASH            0x08004000         0x0003c000         xr
FLASHB1          0x00000000         0x00000000         xr
EXTMEMB0         0x00000000         0x00000000         xr
EXTMEMB1         0x00000000         0x00000000         xr
EXTMEMB2         0x00000000         0x00000000         xr
EXTMEMB3         0x00000000         0x00000000         xr
*default*        0x00000000         0xffffffff

Linker script and memory map

LOAD ./system/src/stm32f4-hal/stm32f4xx_hal.o
LOAD ./system/src/stm32f4-hal/stm32f4xx_hal_cortex.o
LOAD ./system/src/stm32f4-hal/stm32f4xx_hal_flash.o
LOAD ./system/src/stm32f4-hal/stm32f4xx_hal_flash_ex.o
LOAD ./system/src/stm32f4-hal/stm32f4xx_hal_flash_ramfunc.o
LOAD ./system/src/stm32f4-hal/stm32f4xx_hal_gpio.o
LOAD ./system/src/stm32f4-hal/stm32f4xx_hal_iwdg.o
LOAD ./system/src/stm32f4-hal/stm32f4xx_hal_pwr.o
LOAD ./system/src/stm32f4-hal/stm32f4xx_hal_rcc.o
LOAD ./system/src/newlib/assert.o
LOAD ./system/src/newlib/cxx.o
LOAD ./system/src/newlib/exit.o
LOAD ./system/src/newlib/sbrk.o
LOAD ./system/src/newlib/startup.o
LOAD ./system/src/newlib/syscalls.o
LOAD ./system/src/diag/trace-impl.o
LOAD ./system/src/diag/trace.o
LOAD ./system/src/cortexm/exception-handlers.o
LOAD ./system/src/cortexm/initialize-hardware.o
LOAD ./system/src/cortexm/reset-hardware.o
LOAD ./system/src/cmsis/system_stm32f4xx.o
LOAD ./system/src/cmsis/vectors_stm32f401xc.o
LOAD ./src/DC_Motor_programe.o
LOAD ./src/EXTI_program.o
LOAD ./src/GPIO_program.o
LOAD ./src/IR_program.o
LOAD ./src/NVIC_program.o
LOAD ./src/RCC_prog.o
LOAD ./src/SPI_program.o
LOAD ./src/SYSTICK_prog.o
LOAD ./src/initialize-hardware.o
LOAD ./src/main.o
LOAD ./src/stm32f4xx_hal_msp.o
LOAD ./src/write.o
LOAD d:/embedded/iti embedded systems (icc)/01- embedded systems avr tools/imt_sdk_win_64/winarm/armgcc/bin/../lib/gcc/arm-none-eabi/7.2.1/../../../../arm-none-eabi/lib/thumb/v7e-m\libstdc++_nano.a
LOAD d:/embedded/iti embedded systems (icc)/01- embedded systems avr tools/imt_sdk_win_64/winarm/armgcc/bin/../lib/gcc/arm-none-eabi/7.2.1/../../../../arm-none-eabi/lib/thumb/v7e-m\libm.a
START GROUP
LOAD d:/embedded/iti embedded systems (icc)/01- embedded systems avr tools/imt_sdk_win_64/winarm/armgcc/bin/../lib/gcc/arm-none-eabi/7.2.1/thumb/v7e-m\libgcc.a
LOAD d:/embedded/iti embedded systems (icc)/01- embedded systems avr tools/imt_sdk_win_64/winarm/armgcc/bin/../lib/gcc/arm-none-eabi/7.2.1/../../../../arm-none-eabi/lib/thumb/v7e-m\libg_nano.a
LOAD d:/embedded/iti embedded systems (icc)/01- embedded systems avr tools/imt_sdk_win_64/winarm/armgcc/bin/../lib/gcc/arm-none-eabi/7.2.1/../../../../arm-none-eabi/lib/thumb/v7e-m\libc_nano.a
END GROUP
START GROUP
LOAD d:/embedded/iti embedded systems (icc)/01- embedded systems avr tools/imt_sdk_win_64/winarm/armgcc/bin/../lib/gcc/arm-none-eabi/7.2.1/thumb/v7e-m\libgcc.a
LOAD d:/embedded/iti embedded systems (icc)/01- embedded systems avr tools/imt_sdk_win_64/winarm/armgcc/bin/../lib/gcc/arm-none-eabi/7.2.1/../../../../arm-none-eabi/lib/thumb/v7e-m\libc_nano.a
END GROUP
                0x20010000                __stack = (ORIGIN (RAM) + LENGTH (RAM))
                0x20010000                _estack = __stack
                0x00000400                __Main_Stack_Size = 0x400
                [!provide]                PROVIDE (_Main_Stack_Size, __Main_Stack_Size)
                0x2000fc00                __Main_Stack_Limit = (__stack - __Main_Stack_Size)
                [!provide]                PROVIDE (_Main_Stack_Limit, __Main_Stack_Limit)
                0x00000100                _Minimum_Stack_Size = 0x100
                0x20000170                PROVIDE (_Heap_Begin, _end_noinit)
                0x2000fc00                PROVIDE (_Heap_Limit, (__stack - __Main_Stack_Size))

.isr_vector     0x08004000      0x3f4
 FILL mask 0xff
                0x08004000                __vectors_start = ABSOLUTE (.)
                0x08004000                __vectors_start__ = ABSOLUTE (.)
 *(.isr_vector)
 .isr_vector    0x08004000      0x194 ./system/src/cmsis/vectors_stm32f401xc.o
                0x08004000                __isr_vectors
 *(.cfmconfig)
 *(.after_vectors .after_vectors.*)
 .after_vectors
                0x08004194      0x130 ./system/src/newlib/startup.o
                0x08004194                _start
 .after_vectors
                0x080042c4      0x12c ./system/src/cortexm/exception-handlers.o
                0x080042c4                Reset_Handler
                0x080042ca                NMI_Handler
                0x080042ce                HardFault_Handler
                0x080042e2                HardFault_Handler_C
                0x08004340                MemManage_Handler
                0x08004344                BusFault_Handler
                0x08004358                BusFault_Handler_C
                0x0800438c                UsageFault_Handler
                0x080043a0                UsageFault_Handler_C
                0x080043d4                SVC_Handler
                0x080043d8                DebugMon_Handler
                0x080043dc                PendSV_Handler
 .after_vectors
                0x080043f0        0x4 ./system/src/cmsis/vectors_stm32f401xc.o
                0x080043f0                RTC_Alarm_IRQHandler
                0x080043f0                EXTI2_IRQHandler
                0x080043f0                SPI4_IRQHandler
                0x080043f0                TIM1_CC_IRQHandler
                0x080043f0                DMA2_Stream5_IRQHandler
                0x080043f0                DMA1_Stream5_IRQHandler
                0x080043f0                PVD_IRQHandler
                0x080043f0                SDIO_IRQHandler
                0x080043f0                TAMP_STAMP_IRQHandler
                0x080043f0                EXTI3_IRQHandler
                0x080043f0                TIM1_UP_TIM10_IRQHandler
                0x080043f0                I2C3_ER_IRQHandler
                0x080043f0                I2C2_EV_IRQHandler
                0x080043f0                DMA1_Stream2_IRQHandler
                0x080043f0                FPU_IRQHandler
                0x080043f0                DMA2_Stream2_IRQHandler
                0x080043f0                SPI1_IRQHandler
                0x080043f0                TIM1_BRK_TIM9_IRQHandler
                0x080043f0                DMA2_Stream3_IRQHandler
                0x080043f0                USART6_IRQHandler
                0x080043f0                DMA2_Stream0_IRQHandler
                0x080043f0                TIM4_IRQHandler
                0x080043f0                I2C1_EV_IRQHandler
                0x080043f0                DMA1_Stream6_IRQHandler
                0x080043f0                DMA1_Stream1_IRQHandler
                0x080043f0                TIM3_IRQHandler
                0x080043f0                RCC_IRQHandler
                0x080043f0                Default_Handler
                0x080043f0                EXTI15_10_IRQHandler
                0x080043f0                ADC_IRQHandler
                0x080043f0                DMA1_Stream7_IRQHandler
                0x080043f0                TIM5_IRQHandler
                0x080043f0                DMA2_Stream7_IRQHandler
                0x080043f0                I2C3_EV_IRQHandler
                0x080043f0                EXTI9_5_IRQHandler
                0x080043f0                RTC_WKUP_IRQHandler
                0x080043f0                SPI2_IRQHandler
                0x080043f0                DMA1_Stream0_IRQHandler
                0x080043f0                EXTI4_IRQHandler
                0x080043f0                WWDG_IRQHandler
                0x080043f0                TIM2_IRQHandler
                0x080043f0                OTG_FS_WKUP_IRQHandler
                0x080043f0                TIM1_TRG_COM_TIM11_IRQHandler
                0x080043f0                EXTI1_IRQHandler
                0x080043f0                USART2_IRQHandler
                0x080043f0                I2C2_ER_IRQHandler
                0x080043f0                DMA2_Stream1_IRQHandler
                0x080043f0                FLASH_IRQHandler
                0x080043f0                DMA2_Stream4_IRQHandler
                0x080043f0                USART1_IRQHandler
                0x080043f0                OTG_FS_IRQHandler
                0x080043f0                SPI3_IRQHandler
                0x080043f0                DMA1_Stream4_IRQHandler
                0x080043f0                I2C1_ER_IRQHandler
                0x080043f0                DMA2_Stream6_IRQHandler
                0x080043f0                DMA1_Stream3_IRQHandler

.inits          0x080043f4       0x28
                0x080043f4                __data_regions_array_start = .
                0x080043f4        0x4 LONG 0x8006370 LOADADDR (.data)
                0x080043f8        0x4 LONG 0x20000000 ADDR (.data)
                0x080043fc        0x4 LONG 0x20000088 (ADDR (.data) + SIZEOF (.data))
                0x08004400        0x4 LONG 0x8006370 LOADADDR (.data_CCMRAM)
                0x08004404        0x4 LONG 0x10000000 ADDR (.data_CCMRAM)
                0x08004408        0x4 LONG 0x10000000 (ADDR (.data_CCMRAM) + SIZEOF (.data_CCMRAM))
                0x0800440c                __data_regions_array_end = .
                0x0800440c                __bss_regions_array_start = .
                0x0800440c        0x4 LONG 0x20000088 ADDR (.bss)
                0x08004410        0x4 LONG 0x20000170 (ADDR (.bss) + SIZEOF (.bss))
                0x08004414        0x4 LONG 0x10000000 ADDR (.bss_CCMRAM)
                0x08004418        0x4 LONG 0x10000000 (ADDR (.bss_CCMRAM) + SIZEOF (.bss_CCMRAM))
                0x0800441c                __bss_regions_array_end = .
 *(.init)
 *(.fini)
                0x0800441c                . = ALIGN (0x4)
                0x0800441c                PROVIDE (__preinit_array_start, .)
 *(.preinit_array_sysinit .preinit_array_sysinit.*)
 *(.preinit_array_platform .preinit_array_platform.*)
 *(.preinit_array .preinit_array.*)
                0x0800441c                PROVIDE (__preinit_array_end, .)
                0x0800441c                . = ALIGN (0x4)
                0x0800441c                PROVIDE (__init_array_start, .)
 *(SORT_BY_NAME(.init_array.*))
 *(.init_array)
                0x0800441c                PROVIDE (__init_array_end, .)
                0x0800441c                . = ALIGN (0x4)
                0x0800441c                PROVIDE (__fini_array_start, .)
 *(SORT_BY_NAME(.fini_array.*))
 *(.fini_array)
                0x0800441c                PROVIDE (__fini_array_end, .)

.flashtext
 *(.flashtext .flashtext.*)

.text           0x08004420     0x1f47
 *(.text .text.*)
 .text.HAL_InitTick
                0x08004420       0x4c ./system/src/stm32f4-hal/stm32f4xx_hal.o
                0x08004420                HAL_InitTick
 .text.HAL_Init
                0x0800446c       0x34 ./system/src/stm32f4-hal/stm32f4xx_hal.o
                0x0800446c                HAL_Init
 .text.HAL_GetTick
                0x080044a0        0xc ./system/src/stm32f4-hal/stm32f4xx_hal.o
                0x080044a0                HAL_GetTick
 .text.HAL_NVIC_SetPriorityGrouping
                0x080044ac       0x3c ./system/src/stm32f4-hal/stm32f4xx_hal_cortex.o
                0x080044ac                HAL_NVIC_SetPriorityGrouping
 .text.HAL_NVIC_SetPriority
                0x080044e8       0x8c ./system/src/stm32f4-hal/stm32f4xx_hal_cortex.o
                0x080044e8                HAL_NVIC_SetPriority
 .text.HAL_SYSTICK_Config
                0x08004574       0x2c ./system/src/stm32f4-hal/stm32f4xx_hal_cortex.o
                0x08004574                HAL_SYSTICK_Config
 .text.HAL_SYSTICK_CLKSourceConfig
                0x080045a0       0x3c ./system/src/stm32f4-hal/stm32f4xx_hal_cortex.o
                0x080045a0                HAL_SYSTICK_CLKSourceConfig
 .text.HAL_RCC_OscConfig
                0x080045dc      0x4f4 ./system/src/stm32f4-hal/stm32f4xx_hal_rcc.o
                0x080045dc                HAL_RCC_OscConfig
 .text.HAL_RCC_GetSysClockFreq
                0x08004ad0       0xa8 ./system/src/stm32f4-hal/stm32f4xx_hal_rcc.o
                0x08004ad0                HAL_RCC_GetSysClockFreq
 .text.HAL_RCC_ClockConfig
                0x08004b78      0x21c ./system/src/stm32f4-hal/stm32f4xx_hal_rcc.o
                0x08004b78                HAL_RCC_ClockConfig
 .text.HAL_RCC_GetHCLKFreq
                0x08004d94        0xc ./system/src/stm32f4-hal/stm32f4xx_hal_rcc.o
                0x08004d94                HAL_RCC_GetHCLKFreq
 .text._exit    0x08004da0        0x2 ./system/src/newlib/exit.o
                0x08004da0                _exit
 *fill*         0x08004da2        0x2 
 .text._sbrk    0x08004da4       0x44 ./system/src/newlib/sbrk.o
                0x08004da4                _sbrk
 .text.__initialize_args
                0x08004de8       0x10 ./system/src/newlib/syscalls.o
                0x08004de8                __initialize_args
 .text._trace_write_semihosting_debug
                0x08004df8       0x60 ./system/src/diag/trace-impl.o
 .text.trace_write
                0x08004e58        0x8 ./system/src/diag/trace-impl.o
                0x08004e58                trace_write
 .text.trace_printf
                0x08004e60       0x30 ./system/src/diag/trace.o
                0x08004e60                trace_printf
 .text.dumpExceptionStack
                0x08004e90       0xf4 ./system/src/cortexm/exception-handlers.o
                0x08004e90                dumpExceptionStack
 .text.isSemihosting
                0x08004f84       0x20 ./system/src/cortexm/exception-handlers.o
                0x08004f84                isSemihosting
 .text.__initialize_hardware_early
                0x08004fa4       0x18 ./system/src/cortexm/initialize-hardware.o
                0x08004fa4                __initialize_hardware_early
 .text.SystemInit
                0x08004fbc       0x10 ./system/src/cmsis/system_stm32f4xx.o
                0x08004fbc                SystemInit
 .text.SystemCoreClockUpdate
                0x08004fcc       0xa0 ./system/src/cmsis/system_stm32f4xx.o
                0x08004fcc                SystemCoreClockUpdate
 .text.HMotor_voidMotorInit
                0x0800506c       0x1a ./src/DC_Motor_programe.o
                0x0800506c                HMotor_voidMotorInit
 .text.HMotor_voidMotorRotateAnticlockwise
                0x08005086       0x1a ./src/DC_Motor_programe.o
                0x08005086                HMotor_voidMotorRotateAnticlockwise
 .text.HMotor_voidMotorStop
                0x080050a0       0x1a ./src/DC_Motor_programe.o
                0x080050a0                HMotor_voidMotorStop
 *fill*         0x080050ba        0x2 
 .text.MEXTI_voidEnableInterrupt
                0x080050bc       0x18 ./src/EXTI_program.o
                0x080050bc                MEXTI_voidEnableInterrupt
 .text.MEXTI_voidChangeSenseMode
                0x080050d4       0x58 ./src/EXTI_program.o
                0x080050d4                MEXTI_voidChangeSenseMode
 .text.MEXTI_voidSetCallBack
                0x0800512c       0x10 ./src/EXTI_program.o
                0x0800512c                MEXTI_voidSetCallBack
 .text.EXTI0_IRQHandler
                0x0800513c       0x20 ./src/EXTI_program.o
                0x0800513c                EXTI0_IRQHandler
 .text.MGPIO_ErrSetPinMode
                0x0800515c       0x78 ./src/GPIO_program.o
                0x0800515c                MGPIO_ErrSetPinMode
 .text.MGPIO_ErrSetPinPullUpPullDown
                0x080051d4       0x78 ./src/GPIO_program.o
                0x080051d4                MGPIO_ErrSetPinPullUpPullDown
 .text.MGPIO_ErrSetPinValue
                0x0800524c       0xa4 ./src/GPIO_program.o
                0x0800524c                MGPIO_ErrSetPinValue
 .text.IR_voidInit
                0x080052f0       0x1a ./src/IR_program.o
                0x080052f0                IR_voidInit
 *fill*         0x0800530a        0x2 
 .text.MNVIC_voidInit
                0x0800530c       0x14 ./src/NVIC_program.o
                0x0800530c                MNVIC_voidInit
 .text.MNVIC_voidEnablePeripheralInterrupt
                0x08005320       0x18 ./src/NVIC_program.o
                0x08005320                MNVIC_voidEnablePeripheralInterrupt
 .text.MRCC_voidInit
                0x08005338       0x44 ./src/RCC_prog.o
                0x08005338                MRCC_voidInit
 .text.MRCC_voidEnablePeripheralClock
                0x0800537c       0x50 ./src/RCC_prog.o
                0x0800537c                MRCC_voidEnablePeripheralClock
 .text.SysTick_Handler
                0x080053cc       0x34 ./src/SYSTICK_prog.o
                0x080053cc                SysTick_Handler
 .text.SystemClock_Config
                0x08005400       0x9c ./src/initialize-hardware.o
                0x08005400                SystemClock_Config
 .text.__initialize_hardware
                0x0800549c       0x10 ./src/initialize-hardware.o
                0x0800549c                __initialize_hardware
 .text.assert_failed
                0x080054ac       0x14 ./src/initialize-hardware.o
                0x080054ac                assert_failed
 .text.intAction
                0x080054c0       0x18 ./src/main.o
 .text.main     0x080054d8       0x80 ./src/main.o
                0x080054d8                main
 .text.HAL_MspInit
                0x08005558        0x2 ./src/stm32f4xx_hal_msp.o
                0x08005558                HAL_MspInit
 *fill*         0x0800555a        0x2 
 .text          0x0800555c       0x30 d:/embedded/iti embedded systems (icc)/01- embedded systems avr tools/imt_sdk_win_64/winarm/armgcc/bin/../lib/gcc/arm-none-eabi/7.2.1/thumb/v7e-m\libgcc.a(_aeabi_uldivmod.o)
                0x0800555c                __aeabi_uldivmod
 .text          0x0800558c      0x2cc d:/embedded/iti embedded systems (icc)/01- embedded systems avr tools/imt_sdk_win_64/winarm/armgcc/bin/../lib/gcc/arm-none-eabi/7.2.1/thumb/v7e-m\libgcc.a(_udivmoddi4.o)
                0x0800558c                __udivmoddi4
 .text          0x08005858        0x4 d:/embedded/iti embedded systems (icc)/01- embedded systems avr tools/imt_sdk_win_64/winarm/armgcc/bin/../lib/gcc/arm-none-eabi/7.2.1/thumb/v7e-m\libgcc.a(_dvmd_tls.o)
                0x08005858                __aeabi_idiv0
                0x08005858                __aeabi_ldiv0
 .text.__errno  0x0800585c        0xc d:/embedded/iti embedded systems (icc)/01- embedded systems avr tools/imt_sdk_win_64/winarm/armgcc/bin/../lib/gcc/arm-none-eabi/7.2.1/../../../../arm-none-eabi/lib/thumb/v7e-m\libg_nano.a(lib_a-errno.o)
                0x0800585c                __errno
 .text._vsnprintf_r
                0x08005868       0x58 d:/embedded/iti embedded systems (icc)/01- embedded systems avr tools/imt_sdk_win_64/winarm/armgcc/bin/../lib/gcc/arm-none-eabi/7.2.1/../../../../arm-none-eabi/lib/thumb/v7e-m\libg_nano.a(lib_a-vsnprintf.o)
                0x08005868                _vsniprintf_r
                0x08005868                _vsnprintf_r
 .text.vsnprintf
                0x080058c0       0x1c d:/embedded/iti embedded systems (icc)/01- embedded systems avr tools/imt_sdk_win_64/winarm/armgcc/bin/../lib/gcc/arm-none-eabi/7.2.1/../../../../arm-none-eabi/lib/thumb/v7e-m\libg_nano.a(lib_a-vsnprintf.o)
                0x080058c0                vsniprintf
                0x080058c0                vsnprintf
 .text.__ssputs_r
                0x080058dc       0xb4 d:/embedded/iti embedded systems (icc)/01- embedded systems avr tools/imt_sdk_win_64/winarm/armgcc/bin/../lib/gcc/arm-none-eabi/7.2.1/../../../../arm-none-eabi/lib/thumb/v7e-m\libg_nano.a(lib_a-nano-svfprintf.o)
                0x080058dc                __ssputs_r
 .text._svfprintf_r
                0x08005990      0x1ec d:/embedded/iti embedded systems (icc)/01- embedded systems avr tools/imt_sdk_win_64/winarm/armgcc/bin/../lib/gcc/arm-none-eabi/7.2.1/../../../../arm-none-eabi/lib/thumb/v7e-m\libg_nano.a(lib_a-nano-svfprintf.o)
                0x08005990                _svfiprintf_r
                0x08005990                _svfprintf_r
 .text._printf_common
                0x08005b7c       0xea d:/embedded/iti embedded systems (icc)/01- embedded systems avr tools/imt_sdk_win_64/winarm/armgcc/bin/../lib/gcc/arm-none-eabi/7.2.1/../../../../arm-none-eabi/lib/thumb/v7e-m\libg_nano.a(lib_a-nano-vfprintf_i.o)
                0x08005b7c                _printf_common
 *fill*         0x08005c66        0x2 
 .text._printf_i
                0x08005c68      0x224 d:/embedded/iti embedded systems (icc)/01- embedded systems avr tools/imt_sdk_win_64/winarm/armgcc/bin/../lib/gcc/arm-none-eabi/7.2.1/../../../../arm-none-eabi/lib/thumb/v7e-m\libg_nano.a(lib_a-nano-vfprintf_i.o)
                0x08005c68                _printf_i
 *fill*         0x08005e8c        0x4 
 .text          0x08005e90       0xa0 d:/embedded/iti embedded systems (icc)/01- embedded systems avr tools/imt_sdk_win_64/winarm/armgcc/bin/../lib/gcc/arm-none-eabi/7.2.1/../../../../arm-none-eabi/lib/thumb/v7e-m\libg_nano.a(lib_a-memchr.o)
                0x08005e90                memchr
 .text.memcpy   0x08005f30       0x16 d:/embedded/iti embedded systems (icc)/01- embedded systems avr tools/imt_sdk_win_64/winarm/armgcc/bin/../lib/gcc/arm-none-eabi/7.2.1/../../../../arm-none-eabi/lib/thumb/v7e-m\libg_nano.a(lib_a-memcpy-stub.o)
                0x08005f30                memcpy
 .text.memmove  0x08005f46       0x32 d:/embedded/iti embedded systems (icc)/01- embedded systems avr tools/imt_sdk_win_64/winarm/armgcc/bin/../lib/gcc/arm-none-eabi/7.2.1/../../../../arm-none-eabi/lib/thumb/v7e-m\libg_nano.a(lib_a-memmove.o)
                0x08005f46                memmove
 .text._free_r  0x08005f78       0x9c d:/embedded/iti embedded systems (icc)/01- embedded systems avr tools/imt_sdk_win_64/winarm/armgcc/bin/../lib/gcc/arm-none-eabi/7.2.1/../../../../arm-none-eabi/lib/thumb/v7e-m\libg_nano.a(lib_a-nano-freer.o)
                0x08005f78                _free_r
 .text._malloc_r
                0x08006014       0xb4 d:/embedded/iti embedded systems (icc)/01- embedded systems avr tools/imt_sdk_win_64/winarm/armgcc/bin/../lib/gcc/arm-none-eabi/7.2.1/../../../../arm-none-eabi/lib/thumb/v7e-m\libg_nano.a(lib_a-nano-mallocr.o)
                0x08006014                _malloc_r
 .text._realloc_r
                0x080060c8       0x4c d:/embedded/iti embedded systems (icc)/01- embedded systems avr tools/imt_sdk_win_64/winarm/armgcc/bin/../lib/gcc/arm-none-eabi/7.2.1/../../../../arm-none-eabi/lib/thumb/v7e-m\libg_nano.a(lib_a-nano-reallocr.o)
                0x080060c8                _realloc_r
 .text._sbrk_r  0x08006114       0x20 d:/embedded/iti embedded systems (icc)/01- embedded systems avr tools/imt_sdk_win_64/winarm/armgcc/bin/../lib/gcc/arm-none-eabi/7.2.1/../../../../arm-none-eabi/lib/thumb/v7e-m\libg_nano.a(lib_a-sbrkr.o)
                0x08006114                _sbrk_r
 .text.__malloc_lock
                0x08006134        0x2 d:/embedded/iti embedded systems (icc)/01- embedded systems avr tools/imt_sdk_win_64/winarm/armgcc/bin/../lib/gcc/arm-none-eabi/7.2.1/../../../../arm-none-eabi/lib/thumb/v7e-m\libg_nano.a(lib_a-mlock.o)
                0x08006134                __malloc_lock
 .text.__malloc_unlock
                0x08006136        0x2 d:/embedded/iti embedded systems (icc)/01- embedded systems avr tools/imt_sdk_win_64/winarm/armgcc/bin/../lib/gcc/arm-none-eabi/7.2.1/../../../../arm-none-eabi/lib/thumb/v7e-m\libg_nano.a(lib_a-mlock.o)
                0x08006136                __malloc_unlock
 .text._malloc_usable_size_r
                0x08006138       0x10 d:/embedded/iti embedded systems (icc)/01- embedded systems avr tools/imt_sdk_win_64/winarm/armgcc/bin/../lib/gcc/arm-none-eabi/7.2.1/../../../../arm-none-eabi/lib/thumb/v7e-m\libg_nano.a(lib_a-nano-msizer.o)
                0x08006138                _malloc_usable_size_r
 *(.rodata .rodata.* .constdata .constdata.*)
 .rodata.HAL_NVIC_SetPriorityGrouping.str1.4
                0x08006148       0x31 ./system/src/stm32f4-hal/stm32f4xx_hal_cortex.o
 *fill*         0x08006179        0x3 
 .rodata.HAL_RCC_OscConfig.str1.4
                0x0800617c       0x2e ./system/src/stm32f4-hal/stm32f4xx_hal_rcc.o
 *fill*         0x080061aa        0x2 
 .rodata.dumpExceptionStack.str1.4
                0x080061ac      0x11a ./system/src/cortexm/exception-handlers.o
 *fill*         0x080062c6        0x2 
 .rodata.str1.4
                0x080062c8       0x2a ./system/src/cortexm/exception-handlers.o
 *fill*         0x080062f2        0x2 
 .rodata.AHBPrescTable
                0x080062f4       0x10 ./system/src/cmsis/system_stm32f4xx.o
                0x080062f4                AHBPrescTable
 .rodata.assert_failed.str1.4
                0x08006304       0x30 ./src/initialize-hardware.o
                                 0x2d (size before relaxing)
 .rodata._svfprintf_r.str1.1
                0x08006334       0x11 d:/embedded/iti embedded systems (icc)/01- embedded systems avr tools/imt_sdk_win_64/winarm/armgcc/bin/../lib/gcc/arm-none-eabi/7.2.1/../../../../arm-none-eabi/lib/thumb/v7e-m\libg_nano.a(lib_a-nano-svfprintf.o)
 .rodata._printf_i.str1.1
                0x08006345       0x22 d:/embedded/iti embedded systems (icc)/01- embedded systems avr tools/imt_sdk_win_64/winarm/armgcc/bin/../lib/gcc/arm-none-eabi/7.2.1/../../../../arm-none-eabi/lib/thumb/v7e-m\libg_nano.a(lib_a-nano-vfprintf_i.o)
 *(vtable)
 *(.eh_frame*)
 *(.glue_7)
 .glue_7        0x08006367        0x0 linker stubs
 *(.glue_7t)
 .glue_7t       0x08006367        0x0 linker stubs

.vfp11_veneer   0x08006368        0x0
 .vfp11_veneer  0x08006368        0x0 linker stubs

.v4_bx          0x08006368        0x0
 .v4_bx         0x08006368        0x0 linker stubs

.iplt           0x08006368        0x0
 .iplt          0x08006368        0x0 ./system/src/stm32f4-hal/stm32f4xx_hal.o

.ARM.extab
 *(.ARM.extab* .gnu.linkonce.armextab.*)
                0x08006368                . = ALIGN (0x4)
                0x08006368                __exidx_start = .

.ARM.exidx      0x08006368        0x8
 *(.ARM.exidx* .gnu.linkonce.armexidx.*)
 .ARM.exidx     0x08006368        0x8 d:/embedded/iti embedded systems (icc)/01- embedded systems avr tools/imt_sdk_win_64/winarm/armgcc/bin/../lib/gcc/arm-none-eabi/7.2.1/thumb/v7e-m\libgcc.a(_udivmoddi4.o)
                0x08006370                __exidx_end = .

.rel.dyn        0x08006370        0x0
 .rel.iplt      0x08006370        0x0 ./system/src/stm32f4-hal/stm32f4xx_hal.o
                0x08006370                . = ALIGN (0x4)
                0x08006370                _etext = .
                0x08006370                __etext = .

.data_CCMRAM    0x10000000        0x0 load address 0x08006370
 FILL mask 0xff
 *(.data.CCMRAM .data.CCMRAM.*)
                0x10000000                . = ALIGN (0x4)
                0x08006370                _sidata = LOADADDR (.data)

.data           0x20000000       0x88 load address 0x08006370
 FILL mask 0xff
                0x20000000                _sdata = .
                0x20000000                __data_start__ = .
 *(.data_begin .data_begin.*)
 .data_begin    0x20000000        0x4 ./system/src/newlib/startup.o
 *(.data .data.*)
 .data.uwTickFreq
                0x20000004        0x1 ./system/src/stm32f4-hal/stm32f4xx_hal.o
                0x20000004                uwTickFreq
 *fill*         0x20000005        0x3 ff
 .data.uwTickPrio
                0x20000008        0x4 ./system/src/stm32f4-hal/stm32f4xx_hal.o
                0x20000008                uwTickPrio
 .data.argv.4310
                0x2000000c        0x8 ./system/src/newlib/syscalls.o
 .data.SystemCoreClock
                0x20000014        0x4 ./system/src/cmsis/system_stm32f4xx.o
                0x20000014                SystemCoreClock
 .data.LeftMotors
                0x20000018        0x4 ./src/main.o
                0x20000018                LeftMotors
 .data.RightMotors
                0x2000001c        0x4 ./src/main.o
                0x2000001c                RightMotors
 .data._impure_ptr
                0x20000020        0x4 d:/embedded/iti embedded systems (icc)/01- embedded systems avr tools/imt_sdk_win_64/winarm/armgcc/bin/../lib/gcc/arm-none-eabi/7.2.1/../../../../arm-none-eabi/lib/thumb/v7e-m\libg_nano.a(lib_a-impure.o)
                0x20000020                _impure_ptr
 .data.impure_data
                0x20000024       0x60 d:/embedded/iti embedded systems (icc)/01- embedded systems avr tools/imt_sdk_win_64/winarm/armgcc/bin/../lib/gcc/arm-none-eabi/7.2.1/../../../../arm-none-eabi/lib/thumb/v7e-m\libg_nano.a(lib_a-impure.o)
 *(.data_end .data_end.*)
 .data_end      0x20000084        0x4 ./system/src/newlib/startup.o
                0x20000088                . = ALIGN (0x4)
                0x20000088                _edata = .
                0x20000088                __data_end__ = .

.igot.plt       0x20000088        0x0 load address 0x080063f8
 .igot.plt      0x20000088        0x0 ./system/src/stm32f4-hal/stm32f4xx_hal.o

.bss_CCMRAM     0x10000000        0x0
 *(.bss.CCMRAM .bss.CCMRAM.*)

.bss            0x20000088       0xe8
                0x20000088                __bss_start__ = .
                0x20000088                _sbss = .
 *(.bss_begin .bss_begin.*)
 .bss_begin     0x20000088        0x4 ./system/src/newlib/startup.o
 *(.bss .bss.*)
 .bss.current_heap_end.3961
                0x2000008c        0x4 ./system/src/newlib/sbrk.o
 .bss.name.4309
                0x20000090        0x1 ./system/src/newlib/syscalls.o
 *fill*         0x20000091        0x3 
 .bss.buf.5205  0x20000094       0x80 ./system/src/diag/trace.o
 .bss.pvCallBack
                0x20000114       0x40 ./src/EXTI_program.o
 .bss.pvCallBackFunction
                0x20000154        0x4 ./src/SYSTICK_prog.o
 .bss.u8IntervalFlag
                0x20000158        0x1 ./src/SYSTICK_prog.o
 *fill*         0x20000159        0x3 
 .bss.__malloc_free_list
                0x2000015c        0x4 d:/embedded/iti embedded systems (icc)/01- embedded systems avr tools/imt_sdk_win_64/winarm/armgcc/bin/../lib/gcc/arm-none-eabi/7.2.1/../../../../arm-none-eabi/lib/thumb/v7e-m\libg_nano.a(lib_a-nano-mallocr.o)
                0x2000015c                __malloc_free_list
 .bss.__malloc_sbrk_start
                0x20000160        0x4 d:/embedded/iti embedded systems (icc)/01- embedded systems avr tools/imt_sdk_win_64/winarm/armgcc/bin/../lib/gcc/arm-none-eabi/7.2.1/../../../../arm-none-eabi/lib/thumb/v7e-m\libg_nano.a(lib_a-nano-mallocr.o)
                0x20000160                __malloc_sbrk_start
 *(COMMON)
 COMMON         0x20000164        0x4 ./system/src/stm32f4-hal/stm32f4xx_hal.o
                0x20000164                uwTick
 COMMON         0x20000168        0x4 ./system/src/newlib/syscalls.o
                0x20000168                errno
 *(.bss_end .bss_end.*)
 .bss_end       0x2000016c        0x4 ./system/src/newlib/startup.o
                0x20000170                . = ALIGN (0x4)
                0x20000170                __bss_end__ = .
                0x20000170                _ebss = .

.noinit_CCMRAM
 *(.noinit.CCMRAM .noinit.CCMRAM.*)

.noinit         0x20000170        0x0
                0x20000170                _noinit = .
 *(.noinit .noinit.*)
                0x20000170                . = ALIGN (0x4)
                0x20000170                _end_noinit = .
                [!provide]                PROVIDE (end, _end_noinit)
                [!provide]                PROVIDE (_end, _end_noinit)
                [!provide]                PROVIDE (__end, _end_noinit)
                [!provide]                PROVIDE (__end__, _end_noinit)

._check_stack   0x20000170      0x100
                0x20000270                . = (. + _Minimum_Stack_Size)
 *fill*         0x20000170      0x100 

.b1text
 *(.b1text)
 *(.b1rodata)
 *(.b1rodata.*)

.eb0text
 *(.eb0text)
 *(.eb0rodata)
 *(.eb0rodata.*)

.eb1text
 *(.eb1text)
 *(.eb1rodata)
 *(.eb1rodata.*)

.eb2text
 *(.eb2text)
 *(.eb2rodata)
 *(.eb2rodata.*)

.eb3text
 *(.eb3text)
 *(.eb3rodata)
 *(.eb3rodata.*)

.stab
 *(.stab)

.stabstr
 *(.stabstr)

.stab.excl
 *(.stab.excl)

.stab.exclstr
 *(.stab.exclstr)

.stab.index
 *(.stab.index)

.stab.indexstr
 *(.stab.indexstr)

.comment        0x00000000       0x7e
 *(.comment)
 .comment       0x00000000       0x7e ./system/src/stm32f4-hal/stm32f4xx_hal.o
                                 0x7f (size before relaxing)
 .comment       0x0000007e       0x7f ./system/src/stm32f4-hal/stm32f4xx_hal_cortex.o
 .comment       0x0000007e       0x7f ./system/src/stm32f4-hal/stm32f4xx_hal_rcc.o
 .comment       0x0000007e       0x7f ./system/src/newlib/exit.o
 .comment       0x0000007e       0x7f ./system/src/newlib/sbrk.o
 .comment       0x0000007e       0x7f ./system/src/newlib/startup.o
 .comment       0x0000007e       0x7f ./system/src/newlib/syscalls.o
 .comment       0x0000007e       0x7f ./system/src/diag/trace-impl.o
 .comment       0x0000007e       0x7f ./system/src/diag/trace.o
 .comment       0x0000007e       0x7f ./system/src/cortexm/exception-handlers.o
 .comment       0x0000007e       0x7f ./system/src/cortexm/initialize-hardware.o
 .comment       0x0000007e       0x7f ./system/src/cmsis/system_stm32f4xx.o
 .comment       0x0000007e       0x7f ./system/src/cmsis/vectors_stm32f401xc.o
 .comment       0x0000007e       0x7f ./src/DC_Motor_programe.o
 .comment       0x0000007e       0x7f ./src/EXTI_program.o
 .comment       0x0000007e       0x7f ./src/GPIO_program.o
 .comment       0x0000007e       0x7f ./src/IR_program.o
 .comment       0x0000007e       0x7f ./src/NVIC_program.o
 .comment       0x0000007e       0x7f ./src/RCC_prog.o
 .comment       0x0000007e       0x7f ./src/SYSTICK_prog.o
 .comment       0x0000007e       0x7f ./src/initialize-hardware.o
 .comment       0x0000007e       0x7f ./src/main.o
 .comment       0x0000007e       0x7f ./src/stm32f4xx_hal_msp.o

.ARM.attributes
                0x00000000       0x31
 .ARM.attributes
                0x00000000       0x33 ./system/src/stm32f4-hal/stm32f4xx_hal.o
 .ARM.attributes
                0x00000033       0x33 ./system/src/stm32f4-hal/stm32f4xx_hal_cortex.o
 .ARM.attributes
                0x00000066       0x33 ./system/src/stm32f4-hal/stm32f4xx_hal_rcc.o
 .ARM.attributes
                0x00000099       0x33 ./system/src/newlib/exit.o
 .ARM.attributes
                0x000000cc       0x33 ./system/src/newlib/sbrk.o
 .ARM.attributes
                0x000000ff       0x33 ./system/src/newlib/startup.o
 .ARM.attributes
                0x00000132       0x33 ./system/src/newlib/syscalls.o
 .ARM.attributes
                0x00000165       0x33 ./system/src/diag/trace-impl.o
 .ARM.attributes
                0x00000198       0x33 ./system/src/diag/trace.o
 .ARM.attributes
                0x000001cb       0x33 ./system/src/cortexm/exception-handlers.o
 .ARM.attributes
                0x000001fe       0x33 ./system/src/cortexm/initialize-hardware.o
 .ARM.attributes
                0x00000231       0x33 ./system/src/cmsis/system_stm32f4xx.o
 .ARM.attributes
                0x00000264       0x33 ./system/src/cmsis/vectors_stm32f401xc.o
 .ARM.attributes
                0x00000297       0x33 ./src/DC_Motor_programe.o
 .ARM.attributes
                0x000002ca       0x33 ./src/EXTI_program.o
 .ARM.attributes
                0x000002fd       0x33 ./src/GPIO_program.o
 .ARM.attributes
                0x00000330       0x33 ./src/IR_program.o
 .ARM.attributes
                0x00000363       0x33 ./src/NVIC_program.o
 .ARM.attributes
                0x00000396       0x33 ./src/RCC_prog.o
 .ARM.attributes
                0x000003c9       0x33 ./src/SYSTICK_prog.o
 .ARM.attributes
                0x000003fc       0x33 ./src/initialize-hardware.o
 .ARM.attributes
                0x0000042f       0x33 ./src/main.o
 .ARM.attributes
                0x00000462       0x33 ./src/stm32f4xx_hal_msp.o
 .ARM.attributes
                0x00000495       0x1e d:/embedded/iti embedded systems (icc)/01- embedded systems avr tools/imt_sdk_win_64/winarm/armgcc/bin/../lib/gcc/arm-none-eabi/7.2.1/thumb/v7e-m\libgcc.a(_aeabi_uldivmod.o)
 .ARM.attributes
                0x000004b3       0x2e d:/embedded/iti embedded systems (icc)/01- embedded systems avr tools/imt_sdk_win_64/winarm/armgcc/bin/../lib/gcc/arm-none-eabi/7.2.1/thumb/v7e-m\libgcc.a(_udivmoddi4.o)
 .ARM.attributes
                0x000004e1       0x1e d:/embedded/iti embedded systems (icc)/01- embedded systems avr tools/imt_sdk_win_64/winarm/armgcc/bin/../lib/gcc/arm-none-eabi/7.2.1/thumb/v7e-m\libgcc.a(_dvmd_tls.o)
 .ARM.attributes
                0x000004ff       0x2e d:/embedded/iti embedded systems (icc)/01- embedded systems avr tools/imt_sdk_win_64/winarm/armgcc/bin/../lib/gcc/arm-none-eabi/7.2.1/../../../../arm-none-eabi/lib/thumb/v7e-m\libg_nano.a(lib_a-errno.o)
 .ARM.attributes
                0x0000052d       0x2e d:/embedded/iti embedded systems (icc)/01- embedded systems avr tools/imt_sdk_win_64/winarm/armgcc/bin/../lib/gcc/arm-none-eabi/7.2.1/../../../../arm-none-eabi/lib/thumb/v7e-m\libg_nano.a(lib_a-impure.o)
 .ARM.attributes
                0x0000055b       0x2e d:/embedded/iti embedded systems (icc)/01- embedded systems avr tools/imt_sdk_win_64/winarm/armgcc/bin/../lib/gcc/arm-none-eabi/7.2.1/../../../../arm-none-eabi/lib/thumb/v7e-m\libg_nano.a(lib_a-vsnprintf.o)
 .ARM.attributes
                0x00000589       0x2e d:/embedded/iti embedded systems (icc)/01- embedded systems avr tools/imt_sdk_win_64/winarm/armgcc/bin/../lib/gcc/arm-none-eabi/7.2.1/../../../../arm-none-eabi/lib/thumb/v7e-m\libg_nano.a(lib_a-nano-svfprintf.o)
 .ARM.attributes
                0x000005b7       0x2e d:/embedded/iti embedded systems (icc)/01- embedded systems avr tools/imt_sdk_win_64/winarm/armgcc/bin/../lib/gcc/arm-none-eabi/7.2.1/../../../../arm-none-eabi/lib/thumb/v7e-m\libg_nano.a(lib_a-nano-vfprintf_i.o)
 .ARM.attributes
                0x000005e5       0x1c d:/embedded/iti embedded systems (icc)/01- embedded systems avr tools/imt_sdk_win_64/winarm/armgcc/bin/../lib/gcc/arm-none-eabi/7.2.1/../../../../arm-none-eabi/lib/thumb/v7e-m\libg_nano.a(lib_a-memchr.o)
 .ARM.attributes
                0x00000601       0x2e d:/embedded/iti embedded systems (icc)/01- embedded systems avr tools/imt_sdk_win_64/winarm/armgcc/bin/../lib/gcc/arm-none-eabi/7.2.1/../../../../arm-none-eabi/lib/thumb/v7e-m\libg_nano.a(lib_a-memcpy-stub.o)
 .ARM.attributes
                0x0000062f       0x2e d:/embedded/iti embedded systems (icc)/01- embedded systems avr tools/imt_sdk_win_64/winarm/armgcc/bin/../lib/gcc/arm-none-eabi/7.2.1/../../../../arm-none-eabi/lib/thumb/v7e-m\libg_nano.a(lib_a-memmove.o)
 .ARM.attributes
                0x0000065d       0x2e d:/embedded/iti embedded systems (icc)/01- embedded systems avr tools/imt_sdk_win_64/winarm/armgcc/bin/../lib/gcc/arm-none-eabi/7.2.1/../../../../arm-none-eabi/lib/thumb/v7e-m\libg_nano.a(lib_a-nano-freer.o)
 .ARM.attributes
                0x0000068b       0x2e d:/embedded/iti embedded systems (icc)/01- embedded systems avr tools/imt_sdk_win_64/winarm/armgcc/bin/../lib/gcc/arm-none-eabi/7.2.1/../../../../arm-none-eabi/lib/thumb/v7e-m\libg_nano.a(lib_a-nano-mallocr.o)
 .ARM.attributes
                0x000006b9       0x2e d:/embedded/iti embedded systems (icc)/01- embedded systems avr tools/imt_sdk_win_64/winarm/armgcc/bin/../lib/gcc/arm-none-eabi/7.2.1/../../../../arm-none-eabi/lib/thumb/v7e-m\libg_nano.a(lib_a-nano-reallocr.o)
 .ARM.attributes
                0x000006e7       0x2e d:/embedded/iti embedded systems (icc)/01- embedded systems avr tools/imt_sdk_win_64/winarm/armgcc/bin/../lib/gcc/arm-none-eabi/7.2.1/../../../../arm-none-eabi/lib/thumb/v7e-m\libg_nano.a(lib_a-sbrkr.o)
 .ARM.attributes
                0x00000715       0x2e d:/embedded/iti embedded systems (icc)/01- embedded systems avr tools/imt_sdk_win_64/winarm/armgcc/bin/../lib/gcc/arm-none-eabi/7.2.1/../../../../arm-none-eabi/lib/thumb/v7e-m\libg_nano.a(lib_a-mlock.o)
 .ARM.attributes
                0x00000743       0x2e d:/embedded/iti embedded systems (icc)/01- embedded systems avr tools/imt_sdk_win_64/winarm/armgcc/bin/../lib/gcc/arm-none-eabi/7.2.1/../../../../arm-none-eabi/lib/thumb/v7e-m\libg_nano.a(lib_a-nano-msizer.o)

.debug
 *(.debug)

.line
 *(.line)

.debug_srcinfo
 *(.debug_srcinfo)

.debug_sfnames
 *(.debug_sfnames)

.debug_aranges  0x00000000      0x740
 *(.debug_aranges)
 .debug_aranges
                0x00000000       0xf0 ./system/src/stm32f4-hal/stm32f4xx_hal.o
 .debug_aranges
                0x000000f0       0xa8 ./system/src/stm32f4-hal/stm32f4xx_hal_cortex.o
 .debug_aranges
                0x00000198       0x88 ./system/src/stm32f4-hal/stm32f4xx_hal_rcc.o
 .debug_aranges
                0x00000220       0x28 ./system/src/newlib/exit.o
 .debug_aranges
                0x00000248       0x20 ./system/src/newlib/sbrk.o
 .debug_aranges
                0x00000268       0x40 ./system/src/newlib/startup.o
 .debug_aranges
                0x000002a8       0x30 ./system/src/newlib/syscalls.o
 .debug_aranges
                0x000002d8       0x30 ./system/src/diag/trace-impl.o
 .debug_aranges
                0x00000308       0x38 ./system/src/diag/trace.o
 .debug_aranges
                0x00000340       0x90 ./system/src/cortexm/exception-handlers.o
 .debug_aranges
                0x000003d0       0x28 ./system/src/cortexm/initialize-hardware.o
 .debug_aranges
                0x000003f8       0x28 ./system/src/cmsis/system_stm32f4xx.o
 .debug_aranges
                0x00000420       0x20 ./system/src/cmsis/vectors_stm32f401xc.o
 .debug_aranges
                0x00000440       0x38 ./src/DC_Motor_programe.o
 .debug_aranges
                0x00000478       0x48 ./src/EXTI_program.o
 .debug_aranges
                0x000004c0       0xb8 ./src/GPIO_program.o
 .debug_aranges
                0x00000578       0x28 ./src/IR_program.o
 .debug_aranges
                0x000005a0       0x50 ./src/NVIC_program.o
 .debug_aranges
                0x000005f0       0x40 ./src/RCC_prog.o
 .debug_aranges
                0x00000630       0x80 ./src/SYSTICK_prog.o
 .debug_aranges
                0x000006b0       0x30 ./src/initialize-hardware.o
 .debug_aranges
                0x000006e0       0x28 ./src/main.o
 .debug_aranges
                0x00000708       0x38 ./src/stm32f4xx_hal_msp.o

.debug_pubnames
 *(.debug_pubnames)

.debug_info     0x00000000     0x9521
 *(.debug_info .gnu.linkonce.wi.*)
 .debug_info    0x00000000      0x97f ./system/src/stm32f4-hal/stm32f4xx_hal.o
 .debug_info    0x0000097f     0x115f ./system/src/stm32f4-hal/stm32f4xx_hal_cortex.o
 .debug_info    0x00001ade      0xd1c ./system/src/stm32f4-hal/stm32f4xx_hal_rcc.o
 .debug_info    0x000027fa      0x956 ./system/src/newlib/exit.o
 .debug_info    0x00003150      0x942 ./system/src/newlib/sbrk.o
 .debug_info    0x00003a92      0x4bf ./system/src/newlib/startup.o
 .debug_info    0x00003f51      0xa19 ./system/src/newlib/syscalls.o
 .debug_info    0x0000496a      0x40a ./system/src/diag/trace-impl.o
 .debug_info    0x00004d74      0xb2a ./system/src/diag/trace.o
 .debug_info    0x0000589e     0x11f1 ./system/src/cortexm/exception-handlers.o
 .debug_info    0x00006a8f      0x353 ./system/src/cortexm/initialize-hardware.o
 .debug_info    0x00006de2      0x562 ./system/src/cmsis/system_stm32f4xx.o
 .debug_info    0x00007344       0xca ./system/src/cmsis/vectors_stm32f401xc.o
 .debug_info    0x0000740e      0x1e8 ./src/DC_Motor_programe.o
 .debug_info    0x000075f6      0x1d6 ./src/EXTI_program.o
 .debug_info    0x000077cc      0x8ab ./src/GPIO_program.o
 .debug_info    0x00008077      0x150 ./src/IR_program.o
 .debug_info    0x000081c7      0x306 ./src/NVIC_program.o
 .debug_info    0x000084cd      0x2fa ./src/RCC_prog.o
 .debug_info    0x000087c7      0x250 ./src/SYSTICK_prog.o
 .debug_info    0x00008a17      0x664 ./src/initialize-hardware.o
 .debug_info    0x0000907b      0x312 ./src/main.o
 .debug_info    0x0000938d      0x194 ./src/stm32f4xx_hal_msp.o

.debug_abbrev   0x00000000     0x243a
 *(.debug_abbrev)
 .debug_abbrev  0x00000000      0x218 ./system/src/stm32f4-hal/stm32f4xx_hal.o
 .debug_abbrev  0x00000218      0x343 ./system/src/stm32f4-hal/stm32f4xx_hal_cortex.o
 .debug_abbrev  0x0000055b      0x284 ./system/src/stm32f4-hal/stm32f4xx_hal_rcc.o
 .debug_abbrev  0x000007df      0x1f3 ./system/src/newlib/exit.o
 .debug_abbrev  0x000009d2      0x1fc ./system/src/newlib/sbrk.o
 .debug_abbrev  0x00000bce      0x1cb ./system/src/newlib/startup.o
 .debug_abbrev  0x00000d99      0x234 ./system/src/newlib/syscalls.o
 .debug_abbrev  0x00000fcd      0x1f3 ./system/src/diag/trace-impl.o
 .debug_abbrev  0x000011c0      0x276 ./system/src/diag/trace.o
 .debug_abbrev  0x00001436      0x33c ./system/src/cortexm/exception-handlers.o
 .debug_abbrev  0x00001772      0x104 ./system/src/cortexm/initialize-hardware.o
 .debug_abbrev  0x00001876      0x12b ./system/src/cmsis/system_stm32f4xx.o
 .debug_abbrev  0x000019a1       0x9d ./system/src/cmsis/vectors_stm32f401xc.o
 .debug_abbrev  0x00001a3e       0xbf ./src/DC_Motor_programe.o
 .debug_abbrev  0x00001afd      0x107 ./src/EXTI_program.o
 .debug_abbrev  0x00001c04      0x141 ./src/GPIO_program.o
 .debug_abbrev  0x00001d45       0xbf ./src/IR_program.o
 .debug_abbrev  0x00001e04      0x10f ./src/NVIC_program.o
 .debug_abbrev  0x00001f13       0xf3 ./src/RCC_prog.o
 .debug_abbrev  0x00002006      0x106 ./src/SYSTICK_prog.o
 .debug_abbrev  0x0000210c      0x196 ./src/initialize-hardware.o
 .debug_abbrev  0x000022a2       0xea ./src/main.o
 .debug_abbrev  0x0000238c       0xae ./src/stm32f4xx_hal_msp.o

.debug_line     0x00000000     0x8103
 *(.debug_line)
 .debug_line    0x00000000      0xa2f ./system/src/stm32f4-hal/stm32f4xx_hal.o
 .debug_line    0x00000a2f      0xb1b ./system/src/stm32f4-hal/stm32f4xx_hal_cortex.o
 .debug_line    0x0000154a      0xbf8 ./system/src/stm32f4-hal/stm32f4xx_hal_rcc.o
 .debug_line    0x00002142      0x402 ./system/src/newlib/exit.o
 .debug_line    0x00002544      0x3b6 ./system/src/newlib/sbrk.o
 .debug_line    0x000028fa      0x47e ./system/src/newlib/startup.o
 .debug_line    0x00002d78      0x4f9 ./system/src/newlib/syscalls.o
 .debug_line    0x00003271      0xb90 ./system/src/diag/trace-impl.o
 .debug_line    0x00003e01      0x47f ./system/src/diag/trace.o
 .debug_line    0x00004280      0xc53 ./system/src/cortexm/exception-handlers.o
 .debug_line    0x00004ed3      0x850 ./system/src/cortexm/initialize-hardware.o
 .debug_line    0x00005723      0x851 ./system/src/cmsis/system_stm32f4xx.o
 .debug_line    0x00005f74      0x130 ./system/src/cmsis/vectors_stm32f401xc.o
 .debug_line    0x000060a4      0x102 ./src/DC_Motor_programe.o
 .debug_line    0x000061a6      0x109 ./src/EXTI_program.o
 .debug_line    0x000062af      0x546 ./src/GPIO_program.o
 .debug_line    0x000067f5       0xc4 ./src/IR_program.o
 .debug_line    0x000068b9      0x112 ./src/NVIC_program.o
 .debug_line    0x000069cb      0x11a ./src/RCC_prog.o
 .debug_line    0x00006ae5      0x190 ./src/SYSTICK_prog.o
 .debug_line    0x00006c75      0xb3c ./src/initialize-hardware.o
 .debug_line    0x000077b1      0x109 ./src/main.o
 .debug_line    0x000078ba      0x849 ./src/stm32f4xx_hal_msp.o

.debug_frame    0x00000000     0x11d0
 *(.debug_frame)
 .debug_frame   0x00000000      0x1f0 ./system/src/stm32f4-hal/stm32f4xx_hal.o
 .debug_frame   0x000001f0      0x19c ./system/src/stm32f4-hal/stm32f4xx_hal_cortex.o
 .debug_frame   0x0000038c      0x188 ./system/src/stm32f4-hal/stm32f4xx_hal_rcc.o
 .debug_frame   0x00000514       0x38 ./system/src/newlib/exit.o
 .debug_frame   0x0000054c       0x28 ./system/src/newlib/sbrk.o
 .debug_frame   0x00000574       0x7c ./system/src/newlib/startup.o
 .debug_frame   0x000005f0       0x50 ./system/src/newlib/syscalls.o
 .debug_frame   0x00000640       0x64 ./system/src/diag/trace-impl.o
 .debug_frame   0x000006a4       0x94 ./system/src/diag/trace.o
 .debug_frame   0x00000738      0x158 ./system/src/cortexm/exception-handlers.o
 .debug_frame   0x00000890       0x40 ./system/src/cortexm/initialize-hardware.o
 .debug_frame   0x000008d0       0x30 ./system/src/cmsis/system_stm32f4xx.o
 .debug_frame   0x00000900       0x20 ./system/src/cmsis/vectors_stm32f401xc.o
 .debug_frame   0x00000920       0x70 ./src/DC_Motor_programe.o
 .debug_frame   0x00000990       0x78 ./src/EXTI_program.o
 .debug_frame   0x00000a08      0x1a0 ./src/GPIO_program.o
 .debug_frame   0x00000ba8       0x44 ./src/IR_program.o
 .debug_frame   0x00000bec       0x80 ./src/NVIC_program.o
 .debug_frame   0x00000c6c       0x60 ./src/RCC_prog.o
 .debug_frame   0x00000ccc       0xe8 ./src/SYSTICK_prog.o
 .debug_frame   0x00000db4       0x64 ./src/initialize-hardware.o
 .debug_frame   0x00000e18       0x40 ./src/main.o
 .debug_frame   0x00000e58       0x50 ./src/stm32f4xx_hal_msp.o
 .debug_frame   0x00000ea8       0x2c d:/embedded/iti embedded systems (icc)/01- embedded systems avr tools/imt_sdk_win_64/winarm/armgcc/bin/../lib/gcc/arm-none-eabi/7.2.1/thumb/v7e-m\libgcc.a(_aeabi_uldivmod.o)
 .debug_frame   0x00000ed4       0x34 d:/embedded/iti embedded systems (icc)/01- embedded systems avr tools/imt_sdk_win_64/winarm/armgcc/bin/../lib/gcc/arm-none-eabi/7.2.1/thumb/v7e-m\libgcc.a(_udivmoddi4.o)
 .debug_frame   0x00000f08       0x20 d:/embedded/iti embedded systems (icc)/01- embedded systems avr tools/imt_sdk_win_64/winarm/armgcc/bin/../lib/gcc/arm-none-eabi/7.2.1/../../../../arm-none-eabi/lib/thumb/v7e-m\libg_nano.a(lib_a-errno.o)
 .debug_frame   0x00000f28       0x4c d:/embedded/iti embedded systems (icc)/01- embedded systems avr tools/imt_sdk_win_64/winarm/armgcc/bin/../lib/gcc/arm-none-eabi/7.2.1/../../../../arm-none-eabi/lib/thumb/v7e-m\libg_nano.a(lib_a-vsnprintf.o)
 .debug_frame   0x00000f74       0x90 d:/embedded/iti embedded systems (icc)/01- embedded systems avr tools/imt_sdk_win_64/winarm/armgcc/bin/../lib/gcc/arm-none-eabi/7.2.1/../../../../arm-none-eabi/lib/thumb/v7e-m\libg_nano.a(lib_a-nano-svfprintf.o)
 .debug_frame   0x00001004       0x60 d:/embedded/iti embedded systems (icc)/01- embedded systems avr tools/imt_sdk_win_64/winarm/armgcc/bin/../lib/gcc/arm-none-eabi/7.2.1/../../../../arm-none-eabi/lib/thumb/v7e-m\libg_nano.a(lib_a-nano-vfprintf_i.o)
 .debug_frame   0x00001064       0x28 d:/embedded/iti embedded systems (icc)/01- embedded systems avr tools/imt_sdk_win_64/winarm/armgcc/bin/../lib/gcc/arm-none-eabi/7.2.1/../../../../arm-none-eabi/lib/thumb/v7e-m\libg_nano.a(lib_a-memcpy-stub.o)
 .debug_frame   0x0000108c       0x28 d:/embedded/iti embedded systems (icc)/01- embedded systems avr tools/imt_sdk_win_64/winarm/armgcc/bin/../lib/gcc/arm-none-eabi/7.2.1/../../../../arm-none-eabi/lib/thumb/v7e-m\libg_nano.a(lib_a-memmove.o)
 .debug_frame   0x000010b4       0x38 d:/embedded/iti embedded systems (icc)/01- embedded systems avr tools/imt_sdk_win_64/winarm/armgcc/bin/../lib/gcc/arm-none-eabi/7.2.1/../../../../arm-none-eabi/lib/thumb/v7e-m\libg_nano.a(lib_a-nano-freer.o)
 .debug_frame   0x000010ec       0x2c d:/embedded/iti embedded systems (icc)/01- embedded systems avr tools/imt_sdk_win_64/winarm/armgcc/bin/../lib/gcc/arm-none-eabi/7.2.1/../../../../arm-none-eabi/lib/thumb/v7e-m\libg_nano.a(lib_a-nano-mallocr.o)
 .debug_frame   0x00001118       0x3c d:/embedded/iti embedded systems (icc)/01- embedded systems avr tools/imt_sdk_win_64/winarm/armgcc/bin/../lib/gcc/arm-none-eabi/7.2.1/../../../../arm-none-eabi/lib/thumb/v7e-m\libg_nano.a(lib_a-nano-reallocr.o)
 .debug_frame   0x00001154       0x2c d:/embedded/iti embedded systems (icc)/01- embedded systems avr tools/imt_sdk_win_64/winarm/armgcc/bin/../lib/gcc/arm-none-eabi/7.2.1/../../../../arm-none-eabi/lib/thumb/v7e-m\libg_nano.a(lib_a-sbrkr.o)
 .debug_frame   0x00001180       0x30 d:/embedded/iti embedded systems (icc)/01- embedded systems avr tools/imt_sdk_win_64/winarm/armgcc/bin/../lib/gcc/arm-none-eabi/7.2.1/../../../../arm-none-eabi/lib/thumb/v7e-m\libg_nano.a(lib_a-mlock.o)
 .debug_frame   0x000011b0       0x20 d:/embedded/iti embedded systems (icc)/01- embedded systems avr tools/imt_sdk_win_64/winarm/armgcc/bin/../lib/gcc/arm-none-eabi/7.2.1/../../../../arm-none-eabi/lib/thumb/v7e-m\libg_nano.a(lib_a-nano-msizer.o)

.debug_str      0x00000000    0xaac5a
 *(.debug_str)
 .debug_str     0x00000000    0xa0794 ./system/src/stm32f4-hal/stm32f4xx_hal.o
                              0xa0b0a (size before relaxing)
 .debug_str     0x000a0794      0x3b1 ./system/src/stm32f4-hal/stm32f4xx_hal_cortex.o
                              0xa08ab (size before relaxing)
 .debug_str     0x000a0b45      0x3ea ./system/src/stm32f4-hal/stm32f4xx_hal_rcc.o
                              0xa0558 (size before relaxing)
 .debug_str     0x000a0f2f     0x4d38 ./system/src/newlib/exit.o
                               0x7f39 (size before relaxing)
 .debug_str     0x000a5c67      0x4f4 ./system/src/newlib/sbrk.o
                               0x72eb (size before relaxing)
 .debug_str     0x000a615b      0x2c5 ./system/src/newlib/startup.o
                               0x6a8c (size before relaxing)
 .debug_str     0x000a6420      0xe8a ./system/src/newlib/syscalls.o
                               0x81c6 (size before relaxing)
 .debug_str     0x000a72aa      0x387 ./system/src/diag/trace-impl.o
                              0xa3f52 (size before relaxing)
 .debug_str     0x000a7631      0x81a ./system/src/diag/trace.o
                               0x86b2 (size before relaxing)
 .debug_str     0x000a7e4b      0x19d ./system/src/cortexm/exception-handlers.o
                              0xa516f (size before relaxing)
 .debug_str     0x000a7fe8       0x5d ./system/src/cortexm/initialize-hardware.o
                              0xa008a (size before relaxing)
 .debug_str     0x000a8045       0x46 ./system/src/cmsis/system_stm32f4xx.o
                              0xa015e (size before relaxing)
 .debug_str     0x000a808b       0x59 ./system/src/cmsis/vectors_stm32f401xc.o
                               0x38ca (size before relaxing)
 .debug_str     0x000a80e4      0x5a6 ./src/DC_Motor_programe.o
                               0x3380 (size before relaxing)
 .debug_str     0x000a868a      0x20e ./src/EXTI_program.o
                               0x3128 (size before relaxing)
 .debug_str     0x000a8898     0x1315 ./src/GPIO_program.o
                               0x459f (size before relaxing)
 .debug_str     0x000a9bad       0x94 ./src/IR_program.o
                               0x32e9 (size before relaxing)
 .debug_str     0x000a9c41      0x2de ./src/NVIC_program.o
                               0x3211 (size before relaxing)
 .debug_str     0x000a9f1f      0x902 ./src/RCC_prog.o
                               0x38f9 (size before relaxing)
 .debug_str     0x000aa821      0x38d ./src/SYSTICK_prog.o
                               0x32cf (size before relaxing)
 .debug_str     0x000aabae       0x30 ./src/initialize-hardware.o
                              0xa3ed8 (size before relaxing)
 .debug_str     0x000aabde       0x3f ./src/main.o
                               0x3534 (size before relaxing)
 .debug_str     0x000aac1d       0x3d ./src/stm32f4xx_hal_msp.o
                              0x9ffdb (size before relaxing)

.debug_loc      0x00000000     0x304e
 *(.debug_loc)
 .debug_loc     0x00000000      0x10c ./system/src/stm32f4-hal/stm32f4xx_hal.o
 .debug_loc     0x0000010c      0x772 ./system/src/stm32f4-hal/stm32f4xx_hal_cortex.o
 .debug_loc     0x0000087e      0x417 ./system/src/stm32f4-hal/stm32f4xx_hal_rcc.o
 .debug_loc     0x00000c95       0x85 ./system/src/newlib/sbrk.o
 .debug_loc     0x00000d1a      0x2cb ./system/src/newlib/startup.o
 .debug_loc     0x00000fe5       0x63 ./system/src/newlib/syscalls.o
 .debug_loc     0x00001048      0x121 ./system/src/diag/trace-impl.o
 .debug_loc     0x00001169       0xf6 ./system/src/diag/trace.o
 .debug_loc     0x0000125f      0x291 ./system/src/cortexm/exception-handlers.o
 .debug_loc     0x000014f0      0x13e ./system/src/cmsis/system_stm32f4xx.o
 .debug_loc     0x0000162e       0x78 ./src/DC_Motor_programe.o
 .debug_loc     0x000016a6       0xe8 ./src/EXTI_program.o
 .debug_loc     0x0000178e     0x14bc ./src/GPIO_program.o
 .debug_loc     0x00002c4a       0x5e ./src/IR_program.o
 .debug_loc     0x00002ca8      0x178 ./src/NVIC_program.o
 .debug_loc     0x00002e20      0x1b0 ./src/RCC_prog.o
 .debug_loc     0x00002fd0       0x26 ./src/SYSTICK_prog.o
 .debug_loc     0x00002ff6       0x58 ./src/initialize-hardware.o

.debug_macinfo
 *(.debug_macinfo)

.debug_weaknames
 *(.debug_weaknames)

.debug_funcnames
 *(.debug_funcnames)

.debug_typenames
 *(.debug_typenames)

.debug_varnames
 *(.debug_varnames)
OUTPUT(FOTA.elf elf32-littlearm)

.debug_ranges   0x00000000      0x708
 .debug_ranges  0x00000000       0xe0 ./system/src/stm32f4-hal/stm32f4xx_hal.o
 .debug_ranges  0x000000e0      0x128 ./system/src/stm32f4-hal/stm32f4xx_hal_cortex.o
 .debug_ranges  0x00000208       0x90 ./system/src/stm32f4-hal/stm32f4xx_hal_rcc.o
 .debug_ranges  0x00000298       0x18 ./system/src/newlib/exit.o
 .debug_ranges  0x000002b0       0x10 ./system/src/newlib/sbrk.o
 .debug_ranges  0x000002c0       0x90 ./system/src/newlib/startup.o
 .debug_ranges  0x00000350       0x20 ./system/src/newlib/syscalls.o
 .debug_ranges  0x00000370       0x50 ./system/src/diag/trace-impl.o
 .debug_ranges  0x000003c0       0x28 ./system/src/diag/trace.o
 .debug_ranges  0x000003e8       0x80 ./system/src/cortexm/exception-handlers.o
 .debug_ranges  0x00000468       0x18 ./system/src/cortexm/initialize-hardware.o
 .debug_ranges  0x00000480       0x18 ./system/src/cmsis/system_stm32f4xx.o
 .debug_ranges  0x00000498       0x10 ./system/src/cmsis/vectors_stm32f401xc.o
 .debug_ranges  0x000004a8       0x28 ./src/DC_Motor_programe.o
 .debug_ranges  0x000004d0       0x38 ./src/EXTI_program.o
 .debug_ranges  0x00000508       0xa8 ./src/GPIO_program.o
 .debug_ranges  0x000005b0       0x18 ./src/IR_program.o
 .debug_ranges  0x000005c8       0x40 ./src/NVIC_program.o
 .debug_ranges  0x00000608       0x30 ./src/RCC_prog.o
 .debug_ranges  0x00000638       0x70 ./src/SYSTICK_prog.o
 .debug_ranges  0x000006a8       0x20 ./src/initialize-hardware.o
 .debug_ranges  0x000006c8       0x18 ./src/main.o
 .debug_ranges  0x000006e0       0x28 ./src/stm32f4xx_hal_msp.o

.debug_macro    0x00000000    0x1bdfd
 .debug_macro   0x00000000      0x3e6 ./system/src/stm32f4-hal/stm32f4xx_hal.o
 .debug_macro   0x000003e6      0xa6c ./system/src/stm32f4-hal/stm32f4xx_hal.o
 .debug_macro   0x00000e52      0x3a2 ./system/src/stm32f4-hal/stm32f4xx_hal.o
 .debug_macro   0x000011f4       0x2e ./system/src/stm32f4-hal/stm32f4xx_hal.o
 .debug_macro   0x00001222       0x28 ./system/src/stm32f4-hal/stm32f4xx_hal.o
 .debug_macro   0x0000124a      0x34e ./system/src/stm32f4-hal/stm32f4xx_hal.o
 .debug_macro   0x00001598       0x1c ./system/src/stm32f4-hal/stm32f4xx_hal.o
 .debug_macro   0x000015b4       0x22 ./system/src/stm32f4-hal/stm32f4xx_hal.o
 .debug_macro   0x000015d6       0xdf ./system/src/stm32f4-hal/stm32f4xx_hal.o
 .debug_macro   0x000016b5     0x102d ./system/src/stm32f4-hal/stm32f4xx_hal.o
 .debug_macro   0x000026e2      0x11f ./system/src/stm32f4-hal/stm32f4xx_hal.o
 .debug_macro   0x00002801     0xb850 ./system/src/stm32f4-hal/stm32f4xx_hal.o
 .debug_macro   0x0000e051       0x43 ./system/src/stm32f4-hal/stm32f4xx_hal.o
 .debug_macro   0x0000e094     0x3659 ./system/src/stm32f4-hal/stm32f4xx_hal.o
 .debug_macro   0x000116ed      0x174 ./system/src/stm32f4-hal/stm32f4xx_hal.o
 .debug_macro   0x00011861       0x5a ./system/src/stm32f4-hal/stm32f4xx_hal.o
 .debug_macro   0x000118bb      0x416 ./system/src/stm32f4-hal/stm32f4xx_hal.o
 .debug_macro   0x00011cd1      0x9fe ./system/src/stm32f4-hal/stm32f4xx_hal.o
 .debug_macro   0x000126cf      0x117 ./system/src/stm32f4-hal/stm32f4xx_hal.o
 .debug_macro   0x000127e6       0xf8 ./system/src/stm32f4-hal/stm32f4xx_hal.o
 .debug_macro   0x000128de       0x27 ./system/src/stm32f4-hal/stm32f4xx_hal.o
 .debug_macro   0x00012905      0x15f ./system/src/stm32f4-hal/stm32f4xx_hal.o
 .debug_macro   0x00012a64      0x287 ./system/src/stm32f4-hal/stm32f4xx_hal.o
 .debug_macro   0x00012ceb       0x5f ./system/src/stm32f4-hal/stm32f4xx_hal.o
 .debug_macro   0x00012d4a      0x236 ./system/src/stm32f4-hal/stm32f4xx_hal.o
 .debug_macro   0x00012f80      0x391 ./system/src/stm32f4-hal/stm32f4xx_hal.o
 .debug_macro   0x00013311      0x176 ./system/src/stm32f4-hal/stm32f4xx_hal.o
 .debug_macro   0x00013487       0xf9 ./system/src/stm32f4-hal/stm32f4xx_hal.o
 .debug_macro   0x00013580       0x22 ./system/src/stm32f4-hal/stm32f4xx_hal.o
 .debug_macro   0x000135a2      0x132 ./system/src/stm32f4-hal/stm32f4xx_hal.o
 .debug_macro   0x000136d4      0x23a ./system/src/stm32f4-hal/stm32f4xx_hal.o
 .debug_macro   0x0001390e       0x2e ./system/src/stm32f4-hal/stm32f4xx_hal.o
 .debug_macro   0x0001393c      0x1b5 ./system/src/stm32f4-hal/stm32f4xx_hal.o
 .debug_macro   0x00013af1       0x22 ./system/src/stm32f4-hal/stm32f4xx_hal.o
 .debug_macro   0x00013b13       0xd6 ./system/src/stm32f4-hal/stm32f4xx_hal.o
 .debug_macro   0x00013be9      0x279 ./system/src/stm32f4-hal/stm32f4xx_hal.o
 .debug_macro   0x00013e62      0x1a7 ./system/src/stm32f4-hal/stm32f4xx_hal.o
 .debug_macro   0x00014009       0x46 ./system/src/stm32f4-hal/stm32f4xx_hal.o
 .debug_macro   0x0001404f       0x4a ./system/src/stm32f4-hal/stm32f4xx_hal.o
 .debug_macro   0x00014099       0x78 ./system/src/stm32f4-hal/stm32f4xx_hal.o
 .debug_macro   0x00014111      0x11a ./system/src/stm32f4-hal/stm32f4xx_hal.o
 .debug_macro   0x0001422b       0x85 ./system/src/stm32f4-hal/stm32f4xx_hal.o
 .debug_macro   0x000142b0       0x89 ./system/src/stm32f4-hal/stm32f4xx_hal.o
 .debug_macro   0x00014339      0x31a ./system/src/stm32f4-hal/stm32f4xx_hal.o
 .debug_macro   0x00014653      0x405 ./system/src/stm32f4-hal/stm32f4xx_hal.o
 .debug_macro   0x00014a58       0xe4 ./system/src/stm32f4-hal/stm32f4xx_hal.o
 .debug_macro   0x00014b3c      0x861 ./system/src/stm32f4-hal/stm32f4xx_hal.o
 .debug_macro   0x0001539d      0x1d5 ./system/src/stm32f4-hal/stm32f4xx_hal.o
 .debug_macro   0x00015572      0x225 ./system/src/stm32f4-hal/stm32f4xx_hal.o
 .debug_macro   0x00015797      0x8a0 ./system/src/stm32f4-hal/stm32f4xx_hal.o
 .debug_macro   0x00016037       0x47 ./system/src/stm32f4-hal/stm32f4xx_hal.o
 .debug_macro   0x0001607e      0x287 ./system/src/stm32f4-hal/stm32f4xx_hal.o
 .debug_macro   0x00016305      0x217 ./system/src/stm32f4-hal/stm32f4xx_hal.o
 .debug_macro   0x0001651c      0x1b5 ./system/src/stm32f4-hal/stm32f4xx_hal.o
 .debug_macro   0x000166d1      0x2db ./system/src/stm32f4-hal/stm32f4xx_hal.o
 .debug_macro   0x000169ac       0x8d ./system/src/stm32f4-hal/stm32f4xx_hal.o
 .debug_macro   0x00016a39      0x21e ./system/src/stm32f4-hal/stm32f4xx_hal.o
 .debug_macro   0x00016c57       0xba ./system/src/stm32f4-hal/stm32f4xx_hal.o
 .debug_macro   0x00016d11       0x6e ./system/src/stm32f4-hal/stm32f4xx_hal.o
 .debug_macro   0x00016d7f      0x1e9 ./system/src/stm32f4-hal/stm32f4xx_hal.o
 .debug_macro   0x00016f68      0x126 ./system/src/stm32f4-hal/stm32f4xx_hal.o
 .debug_macro   0x0001708e      0x386 ./system/src/stm32f4-hal/stm32f4xx_hal_cortex.o
 .debug_macro   0x00017414      0x3aa ./system/src/stm32f4-hal/stm32f4xx_hal_rcc.o
 .debug_macro   0x000177be      0x1b4 ./system/src/newlib/exit.o
 .debug_macro   0x00017972      0x169 ./system/src/newlib/sbrk.o
 .debug_macro   0x00017adb       0x10 ./system/src/newlib/sbrk.o
 .debug_macro   0x00017aeb      0x23b ./system/src/newlib/sbrk.o
 .debug_macro   0x00017d26      0x173 ./system/src/newlib/startup.o
 .debug_macro   0x00017e99      0xa72 ./system/src/newlib/startup.o
 .debug_macro   0x0001890b      0x217 ./system/src/newlib/syscalls.o
 .debug_macro   0x00018b22       0x1c ./system/src/newlib/syscalls.o
 .debug_macro   0x00018b3e       0x10 ./system/src/newlib/syscalls.o
 .debug_macro   0x00018b4e       0x10 ./system/src/newlib/syscalls.o
 .debug_macro   0x00018b5e       0x10 ./system/src/newlib/syscalls.o
 .debug_macro   0x00018b6e       0x35 ./system/src/newlib/syscalls.o
 .debug_macro   0x00018ba3      0x122 ./system/src/newlib/syscalls.o
 .debug_macro   0x00018cc5       0x88 ./system/src/newlib/syscalls.o
 .debug_macro   0x00018d4d       0x2b ./system/src/newlib/syscalls.o
 .debug_macro   0x00018d78      0x118 ./system/src/newlib/syscalls.o
 .debug_macro   0x00018e90      0x189 ./system/src/newlib/syscalls.o
 .debug_macro   0x00019019       0x16 ./system/src/newlib/syscalls.o
 .debug_macro   0x0001902f      0x4fa ./system/src/diag/trace-impl.o
 .debug_macro   0x00019529       0x10 ./system/src/diag/trace-impl.o
 .debug_macro   0x00019539      0x32a ./system/src/diag/trace-impl.o
 .debug_macro   0x00019863       0x22 ./system/src/diag/trace-impl.o
 .debug_macro   0x00019885      0x1fb ./system/src/diag/trace.o
 .debug_macro   0x00019a80       0x16 ./system/src/diag/trace.o
 .debug_macro   0x00019a96       0x97 ./system/src/diag/trace.o
 .debug_macro   0x00019b2d       0xfd ./system/src/diag/trace.o
 .debug_macro   0x00019c2a       0x10 ./system/src/diag/trace.o
 .debug_macro   0x00019c3a       0x16 ./system/src/diag/trace.o
 .debug_macro   0x00019c50      0x16f ./system/src/diag/trace.o
 .debug_macro   0x00019dbf       0x4c ./system/src/diag/trace.o
 .debug_macro   0x00019e0b       0x16 ./system/src/diag/trace.o
 .debug_macro   0x00019e21      0x54a ./system/src/cortexm/exception-handlers.o
 .debug_macro   0x0001a36b       0x10 ./system/src/cortexm/exception-handlers.o
 .debug_macro   0x0001a37b      0x390 ./system/src/cortexm/initialize-hardware.o
 .debug_macro   0x0001a70b      0x38c ./system/src/cmsis/system_stm32f4xx.o
 .debug_macro   0x0001aa97       0x34 ./system/src/cmsis/vectors_stm32f401xc.o
 .debug_macro   0x0001aacb       0x4a ./src/DC_Motor_programe.o
 .debug_macro   0x0001ab15       0x1c ./src/DC_Motor_programe.o
 .debug_macro   0x0001ab31       0x34 ./src/DC_Motor_programe.o
 .debug_macro   0x0001ab65      0x13c ./src/DC_Motor_programe.o
 .debug_macro   0x0001aca1       0x3f ./src/EXTI_program.o
 .debug_macro   0x0001ace0       0x28 ./src/EXTI_program.o
 .debug_macro   0x0001ad08       0x1c ./src/EXTI_program.o
 .debug_macro   0x0001ad24       0x3f ./src/GPIO_program.o
 .debug_macro   0x0001ad63      0x311 ./src/GPIO_program.o
 .debug_macro   0x0001b074       0x4a ./src/IR_program.o
 .debug_macro   0x0001b0be       0x3e ./src/NVIC_program.o
 .debug_macro   0x0001b0fc       0x16 ./src/NVIC_program.o
 .debug_macro   0x0001b112       0x40 ./src/NVIC_program.o
 .debug_macro   0x0001b152       0x10 ./src/NVIC_program.o
 .debug_macro   0x0001b162       0x3e ./src/RCC_prog.o
 .debug_macro   0x0001b1a0       0x34 ./src/RCC_prog.o
 .debug_macro   0x0001b1d4      0x25a ./src/RCC_prog.o
 .debug_macro   0x0001b42e       0x46 ./src/RCC_prog.o
 .debug_macro   0x0001b474       0x3f ./src/SYSTICK_prog.o
 .debug_macro   0x0001b4b3       0x64 ./src/SYSTICK_prog.o
 .debug_macro   0x0001b517       0x1c ./src/SYSTICK_prog.o
 .debug_macro   0x0001b533      0x4df ./src/initialize-hardware.o
 .debug_macro   0x0001ba12       0x65 ./src/main.o
 .debug_macro   0x0001ba77      0x386 ./src/stm32f4xx_hal_msp.o
